// Jest Snapshot v1, https://goo.gl/fbAQLP

exports[`ItemsContainer renders 1`] = `
<div
  className="react-hackernews"
>
  <span>
    Loading ...
  </span>
</div>
`;
